
> my-app@0.0.0 build
> tsc -b && vite build

src/components/TrackingPreview.tsx(4,5): error TS6133: 'MapPin' is declared but its value is never read.
src/components/TrackingPreview.tsx(6,5): error TS6133: 'Globe' is declared but its value is never read.
src/components/TrackingPreview.tsx(7,5): error TS6133: 'CheckCircle2' is declared but its value is never read.
src/components/TrackingPreview.tsx(11,5): error TS6133: 'ExternalLink' is declared but its value is never read.
src/components/TrackingPreview.tsx(12,5): error TS6133: 'ChevronRight' is declared but its value is never read.
src/services/correoArgentino.ts(61,30): error TS6133: 'trackingNumber' is declared but its value is never read.
